// Vitest Snapshot v1

exports[`base test > mount component 1`] = `
"<div>
  <table cellspacing=\\"0\\" border=\\"1\\">
    <colgroup>
      <col width=\\"100px\\">
      <col width=\\"100px\\">
      <col width=\\"300px\\">
    </colgroup>
    <thead>
      <tr>
        <th class=\\"cell\\"><span>ID</span><span id=\\"sort\\"> 无序</span></th>
        <th class=\\"cell\\"><span>姓名</span><span id=\\"sort\\"> 无序</span></th>
        <th class=\\"cell\\"><span>说明</span><span id=\\"sort\\" style=\\"display: none;\\"> 无序</span></th>
      </tr>
    </thead>
    <tbody>
      <tr>
        <td>99</td>
        <td>人物99</td>
        <td>说明内容</td>
      </tr>
      <tr>
        <td>38</td>
        <td>人物38</td>
        <td>说明内容</td>
      </tr>
      <tr>
        <td>55</td>
        <td>人物55</td>
        <td>说明内容</td>
      </tr>
      <tr>
        <td>76</td>
        <td>人物76</td>
        <td>说明内容</td>
      </tr>
      <tr>
        <td>26</td>
        <td>人物26</td>
        <td>说明内容</td>
      </tr>
      <tr>
        <td>77</td>
        <td>人物77</td>
        <td>说明内容</td>
      </tr>
      <tr>
        <td>41</td>
        <td>人物41</td>
        <td>说明内容</td>
      </tr>
      <tr>
        <td>73</td>
        <td>人物73</td>
        <td>说明内容</td>
      </tr>
      <tr>
        <td>16</td>
        <td>人物16</td>
        <td>说明内容</td>
      </tr>
      <tr>
        <td>93</td>
        <td>人物93</td>
        <td>说明内容</td>
      </tr>
    </tbody>
  </table>
  <pagination-stub pagesize=\\"10\\" currentpage=\\"1\\" total=\\"42\\"></pagination-stub>
</div>"
`;
