// Vitest Snapshot v1

exports[`base test > mount component 1`] = `
"<div>
  <table cellspacing=\\"0\\" border=\\"1\\">
    <colgroup>
      <col width=\\"100px\\">
      <col width=\\"100px\\">
      <col width=\\"300px\\">
    </colgroup>
    <thead>
      <tr>
        <th class=\\"cell\\"><span>ID</span><span id=\\"sort\\"> 无序</span></th>
        <th class=\\"cell\\"><span>姓名</span><span id=\\"sort\\"> 无序</span></th>
        <th class=\\"cell\\"><span>说明</span><span id=\\"sort\\" style=\\"display: none;\\"> 无序</span></th>
      </tr>
    </thead>
    <tbody>
      <tr>
        <td>63</td>
        <td>人物63</td>
        <td>说明内容</td>
      </tr>
      <tr>
        <td>92</td>
        <td>人物92</td>
        <td>说明内容</td>
      </tr>
      <tr>
        <td>88</td>
        <td>人物88</td>
        <td>说明内容</td>
      </tr>
      <tr>
        <td>88</td>
        <td>人物88</td>
        <td>说明内容</td>
      </tr>
      <tr>
        <td>84</td>
        <td>人物84</td>
        <td>说明内容</td>
      </tr>
      <tr>
        <td>54</td>
        <td>人物54</td>
        <td>说明内容</td>
      </tr>
      <tr>
        <td>77</td>
        <td>人物77</td>
        <td>说明内容</td>
      </tr>
      <tr>
        <td>60</td>
        <td>人物60</td>
        <td>说明内容</td>
      </tr>
      <tr>
        <td>5</td>
        <td>人物5</td>
        <td>说明内容</td>
      </tr>
      <tr>
        <td>32</td>
        <td>人物32</td>
        <td>说明内容</td>
      </tr>
    </tbody>
  </table>
  <pagination-stub pagesize=\\"10\\" currentpage=\\"1\\" total=\\"42\\"></pagination-stub>
</div>"
`;
